// Vitest Snapshot v1, https://vitest.dev/guide/snapshot.html

exports[`custom attest alias 2`] = `"(precision?: number | undefined) => string"`;
